<html>
<body>
<pre>
<h1>µVision Build Log</h1>
<h2>Project:</h2>
C:\Users\Omar\OneDrive\Desktop\lastVersion\LastVersion.uvproj
Project File Date:  05/25/2022

<h2>Output:</h2>
Rebuild target 'Target 1'
assembling startup_TM4C123.s...
compiling lcd.c...
compiling Main.c...
compiling KeyPad.c...
compiling CaseD.c...
compiling CaseC&B.c...
compiling Initializations.c...
compiling BasicFunctions.c...
compiling CaseA.c...
linking...
Program Size: Code=3908 RO-data=652 RW-data=0 ZI-data=512  
".\LastVersion.axf" - 0 Error(s), 0 Warning(s).
Load "C:\\Users\\Omar\\OneDrive\\Desktop\\lastVersion\\LastVersion.axf" 
Connecting: Mode=JTAG, Speed=1000000Hz
Erase Done.
Programming Done.
Verify OK.
</pre>
</body>
</html>
rget DLL has been cancelled
